{
      "data" => [
    [0] {
                     "name" => "Example Co",
      "registration_number" => 123456789,
                "addresses" => [
        [0] {
               "street" => "123 Main St",
                 "city" => "New York",
          "postal_code" => "10001",
              "country" => "USA"
        },
        [1] {
               "street" => "456 Elm St",
                 "city" => "Los Angeles",
          "postal_code" => "90001",
              "country" => "USA"
        }
      ]
    },
    [1] {
                     "name" => "Another Co",
      "registration_number" => 987654321,
                "addresses" => [
        [0] {
               "street" => "789 Oak St",
                 "city" => "Chicago",
          "postal_code" => "60601",
              "country" => "USA"
        }
      ]
    }
  ],
  "metadata" => {
    "total_count" => 2
  }
}